/unnamed-net1	 U300(2);
/netattrib	 U200(2) U100(5);
/GND	 U300(7) U200(7) U100(7);
/Vcc	 U300(14) U200(14) U100(14);
/one	 F1(1) U300(1) U200(1) U100(3);
