% ViPEC RF Netlister
% Written by Matthew Ettus
% Based on code by Bas Gieltjes
CKT
	error	7 8 9 #<unspecified> #<unspecified> #<unspecified> #<unspecified> #<unspecified> #<unspecified> #<unspecified> #<unspecified> #<unspecified> 	% U1
	DEF2P	#<unspecified>  #<unspecified>
	TERM	50 50

