LAYOUT board;
PARTS
    C2 : unknown;
    R4 : unknown;
    R3 : unknown;
    R8 : unknown;
    CE2 : unknown;
    RE2 : unknown;
    RC1 : unknown;
    Q2 : unknown;
    C1 : unknown;
    A3 : unknown;
    A2 : unknown;
    A1 : unknown;
    VCC : none;
    Vinput : none;
    CE1 : unknown;
    Cout : unknown;
    RL : unknown;
    RC2 : unknown;
    RE1 : unknown;
    R2 : unknown;
    R1 : unknown;
    R5 : unknown;
    Q1 : unknown;
CONNECT
    /'unnamed_net2'/ C2.1=R8.2;
    /'Vbase2'/ R3.1=C2.2=R4.2=Q2.2;
    /'Vem2'/ CE2.2=RE2.2=Q2.1;
    /'Vout'/ Cout.2=RL.2;
    /'VColl2'/ Q2.3=Cout.1=RC2.1;
    /'GND'/ R4.1=CE2.1=RE2.1=VCC.2=Vinput.2=CE1.1=RL.1=RE1.1=R2.1;
    /'Vcc'/ R3.2=RC1.2=VCC.1=RC2.2=R1.2;
    /'Vin'/ Vinput.1=R5.1;
    /'unnamed_net1'/ C1.1=R5.2;
    /'Vbase1'/ C1.2=R2.2=R1.1=Q1.2;
    /'Vem1'/ CE1.2=RE1.2=Q1.1;
    /'Vcoll1'/ R8.1=RC1.1=Q1.3;
END.
