LAYOUT board;
PARTS
    AMP2 : none;
    T1 : none;
    MX1 : none;
    FL1 : none;
    DEF1 : none;
    AMP1 : none;
    SOURCE : none;
    DEFAULTS : unknown;
CONNECT
    /'unnamed_net6'/ AMP2.1=T1.2;
    /'unnamed_net5'/ T1.1=MX1.2;
    /'unnamed_net4'/ MX1.1=FL1.2;
    /'unnamed_net3'/ FL1.1=DEF1.2;
    /'unnamed_net2'/ DEF1.1=AMP1.2;
    /'unnamed_net1'/ AMP1.1=SOURCE.1;
    /'GND'/ DEFAULTS.1;
END.
