Netlist(Freeze)
Netlist(Clear)
Netlist(Add,unnamed_net6,AMP2-1)
Netlist(Add,unnamed_net6,T1-2)
Netlist(Add,unnamed_net5,T1-1)
Netlist(Add,unnamed_net5,MX1-2)
Netlist(Add,unnamed_net4,MX1-1)
Netlist(Add,unnamed_net4,FL1-2)
Netlist(Add,unnamed_net3,FL1-1)
Netlist(Add,unnamed_net3,DEF1-2)
Netlist(Add,unnamed_net2,DEF1-1)
Netlist(Add,unnamed_net2,AMP1-2)
Netlist(Add,unnamed_net1,AMP1-1)
Netlist(Add,unnamed_net1,SOURCE-1)
Netlist(Add,GND,DEFAULTS-1)
Netlist(Sort)
Netlist(Thaw)
ElementList(Start)
ElementList(Need,"AMP2","none","unknown")
ElementSetAttr("AMP2","device","cascade-amp")
ElementSetAttr("AMP2","manufacturer","unknown")
ElementSetAttr("AMP2","manufacturer_part_number","unknown")
ElementSetAttr("AMP2","vendor","unknown")
ElementSetAttr("AMP2","vendor_part_number","unknown")
ChangePinName("AMP2", 2, "OUT")
ChangePinName("AMP2", 1, "IN")
ElementList(Need,"T1","none","unknown")
ElementSetAttr("T1","device","cascade-transformer")
ElementSetAttr("T1","manufacturer","unknown")
ElementSetAttr("T1","manufacturer_part_number","unknown")
ElementSetAttr("T1","vendor","unknown")
ElementSetAttr("T1","vendor_part_number","unknown")
ChangePinName("T1", 2, "2")
ChangePinName("T1", 1, "1")
ElementList(Need,"MX1","none","unknown")
ElementSetAttr("MX1","device","cascade-mixer")
ElementSetAttr("MX1","manufacturer","unknown")
ElementSetAttr("MX1","manufacturer_part_number","unknown")
ElementSetAttr("MX1","vendor","unknown")
ElementSetAttr("MX1","vendor_part_number","unknown")
ChangePinName("MX1", 2, "OUT")
ChangePinName("MX1", 1, "IN")
ElementList(Need,"FL1","none","unknown")
ElementSetAttr("FL1","device","cascade-filter")
ElementSetAttr("FL1","manufacturer","unknown")
ElementSetAttr("FL1","manufacturer_part_number","unknown")
ElementSetAttr("FL1","vendor","unknown")
ElementSetAttr("FL1","vendor_part_number","unknown")
ChangePinName("FL1", 2, "O")
ChangePinName("FL1", 1, "I")
ElementList(Need,"DEF1","none","unknown")
ElementSetAttr("DEF1","device","cascade-defaults")
ElementSetAttr("DEF1","manufacturer","unknown")
ElementSetAttr("DEF1","manufacturer_part_number","unknown")
ElementSetAttr("DEF1","vendor","unknown")
ElementSetAttr("DEF1","vendor_part_number","unknown")
ChangePinName("DEF1", 2, "OUT")
ChangePinName("DEF1", 1, "IN")
ElementList(Need,"AMP1","none","unknown")
ElementSetAttr("AMP1","device","cascade-amp")
ElementSetAttr("AMP1","manufacturer","unknown")
ElementSetAttr("AMP1","manufacturer_part_number","unknown")
ElementSetAttr("AMP1","vendor","unknown")
ElementSetAttr("AMP1","vendor_part_number","unknown")
ChangePinName("AMP1", 2, "OUT")
ChangePinName("AMP1", 1, "IN")
ElementList(Need,"SOURCE","none","unknown")
ElementSetAttr("SOURCE","device","cascade-source")
ElementSetAttr("SOURCE","manufacturer","unknown")
ElementSetAttr("SOURCE","manufacturer_part_number","unknown")
ElementSetAttr("SOURCE","vendor","unknown")
ElementSetAttr("SOURCE","vendor_part_number","unknown")
ChangePinName("SOURCE", 1, "OUT")
ElementList(Need,"DEFAULTS","unknown","unknown")
ElementSetAttr("DEFAULTS","device","cascade-defaults-top")
ElementSetAttr("DEFAULTS","manufacturer","unknown")
ElementSetAttr("DEFAULTS","manufacturer_part_number","unknown")
ElementSetAttr("DEFAULTS","vendor","unknown")
ElementSetAttr("DEFAULTS","vendor_part_number","unknown")
ChangePinName("DEFAULTS", unknown, "unknown")
ElementList(Done)
