/unnamed-net6	 AMP2(1) T1(2);
/unnamed-net5	 T1(1) MX1(2);
/unnamed-net4	 MX1(1) FL1(2);
/unnamed-net3	 FL1(1) DEF1(2);
/unnamed-net2	 DEF1(1) AMP1(2);
/unnamed-net1	 AMP1(1) SOURCE(1);
/GND	 DEFAULTS(1);
