ELEMENTS:
	AMP2
		PINS:
			AMP2-2
				pinseq=2
				pintype=out
				pinlabel=OUT
			AMP2-1
				pinseq=1
				pintype=in
				pinlabel=IN
		PIN-CONNS:
			AMP2-2=unconnected_pin-1
			AMP2-1=unnamed_net6
		ATTRIBS:
			IIP3=12
			NF=12
			G=10
			footprint=none
			refdes=AMP2
			device=cascade-amp
	T1
		PINS:
			T1-2
				pinseq=2
				pintype=out
				pinlabel=2
			T1-1
				pinseq=1
				pintype=in
				pinlabel=1
		PIN-CONNS:
			T1-2=unnamed_net6
			T1-1=unnamed_net5
		ATTRIBS:
			ROUT=50
			RIN=50
			NF=0
			G=0
			footprint=none
			device=cascade-transformer
			refdes=T1
	MX1
		PINS:
			MX1-2
				pinseq=2
				pintype=out
				pinlabel=OUT
			MX1-1
				pinseq=1
				pintype=in
				pinlabel=IN
		PIN-CONNS:
			MX1-2=unnamed_net5
			MX1-1=unnamed_net4
		ATTRIBS:
			IIP3=5
			NF=15
			G=12
			refdes=MX1
			device=cascade-mixer
			footprint=none
	FL1
		PINS:
			FL1-2
				pinseq=2
				pintype=out
				pinlabel=O
			FL1-1
				pinseq=1
				pintype=in
				pinlabel=I
		PIN-CONNS:
			FL1-2=unnamed_net4
			FL1-1=unnamed_net3
		ATTRIBS:
			NF=5.5
			G=-5.5
			refdes=FL1
			device=cascade-filter
			footprint=none
	DEF1
		PINS:
			DEF1-2
				pinseq=2
				pintype=out
				pinlabel=OUT
			DEF1-1
				pinseq=1
				pintype=in
				pinlabel=IN
		PIN-CONNS:
			DEF1-2=unnamed_net3
			DEF1-1=unnamed_net2
		ATTRIBS:
			footprint=none
			RHO=0.2
			ROUT=50
			RIN=50
			refdes=DEF1
			device=cascade-defaults
	AMP1
		PINS:
			AMP1-2
				pinseq=2
				pintype=out
				pinlabel=OUT
			AMP1-1
				pinseq=1
				pintype=in
				pinlabel=IN
		PIN-CONNS:
			AMP1-2=unnamed_net2
			AMP1-1=unnamed_net1
		ATTRIBS:
			IIP3=-2
			NF=5
			G=12
			footprint=none
			refdes=AMP1
			device=cascade-amp
	SOURCE
		PINS:
			SOURCE-1
				pinseq=1
				pintype=out
				pinlabel=OUT
		PIN-CONNS:
			SOURCE-1=unnamed_net1
		ATTRIBS:
			BW=1
			CN=70
			C=0
			footprint=none
			refdes=SOURCE
			device=cascade-source
	DEFAULTS
		PINS:
			DEFAULTS-1
				pinseq=unknown
				pintype=pwr
				pinlabel=unknown
		PIN-CONNS:
			DEFAULTS-1=GND
		ATTRIBS:
			RHO=0
			ROUT=50
			RIN=50
			refdes=DEFAULTS
			device=cascade-defaults-top
NETS:
	unnamed_net6
		AMP2-1
		T1-2
	unnamed_net5
		T1-1
		MX1-2
	unnamed_net4
		MX1-1
		FL1-2
	unnamed_net3
		FL1-1
		DEF1-2
	unnamed_net2
		DEF1-1
		AMP1-2
	unnamed_net1
		AMP1-1
		SOURCE-1
	GND
		DEFAULTS-1
