{
	"elements": {
		"A1": {
			"pins": {
			},
			"pin-conns": {
			},
			"attribs":{
				"file": "./JD-extras/models/openIP_5.cir",
				"model-name": "unknown_LVD",
				"refdes": "A1",
				"device": "model",
			},
		},
		"Cm": {
			"pins": {
				"Cm-2": {
					"pinseq": "2",
					"pintype": "pas",
					"pinlabel": "2",
				},
				"Cm-1": {
					"pinseq": "1",
					"pintype": "pas",
					"pinlabel": "1",
				},
			},
			"pin-conns": {
				"Cm-2": "GND",
				"Cm-1": "m",
			},
			"attribs":{
				"device": "CAPACITOR",
				"value": "20p",
				"symversion": "0.1",
				"refdes": "Cm",
			},
		},
		"Cp": {
			"pins": {
				"Cp-2": {
					"pinseq": "2",
					"pintype": "pas",
					"pinlabel": "2",
				},
				"Cp-1": {
					"pinseq": "1",
					"pintype": "pas",
					"pinlabel": "1",
				},
			},
			"pin-conns": {
				"Cp-2": "GND",
				"Cp-1": "p",
			},
			"attribs":{
				"value": "20p",
				"symversion": "0.1",
				"refdes": "Cp",
			},
		},
		"Rlp": {
			"pins": {
				"Rlp-1": {
					"pinseq": "1",
					"pintype": "pas",
					"pinlabel": "1",
				},
				"Rlp-2": {
					"pinseq": "2",
					"pintype": "pas",
					"pinlabel": "2",
				},
			},
			"pin-conns": {
				"Rlp-1": "p",
				"Rlp-2": "Vdd1",
			},
			"attribs":{
				"value": "1meg",
				"refdes": "Rlp",
			},
		},
		"Rlm": {
			"pins": {
				"Rlm-1": {
					"pinseq": "1",
					"pintype": "pas",
					"pinlabel": "1",
				},
				"Rlm-2": {
					"pinseq": "2",
					"pintype": "pas",
					"pinlabel": "2",
				},
			},
			"pin-conns": {
				"Rlm-1": "m",
				"Rlm-2": "GND",
			},
			"attribs":{
				"value": "500k",
				"refdes": "Rlm",
			},
		},
		"Vdd": {
			"pins": {
				"Vdd-2": {
					"pinseq": "2",
					"pintype": "pwr",
					"pinlabel": "-",
				},
				"Vdd-1": {
					"pinseq": "1",
					"pintype": "pwr",
					"pinlabel": "+",
				},
			},
			"pin-conns": {
				"Vdd-2": "GND",
				"Vdd-1": "Vdd1",
			},
			"attribs":{
				"value": "DC 3.3V",
				"refdes": "Vdd",
			},
		},
		"V1": {
			"pins": {
				"V1-2": {
					"pinseq": "2",
					"pintype": "pwr",
					"pinlabel": "-",
				},
				"V1-1": {
					"pinseq": "1",
					"pintype": "pwr",
					"pinlabel": "+",
				},
			},
			"pin-conns": {
				"V1-2": "GND",
				"V1-1": "i",
			},
			"attribs":{
				"value": "pulse 3.3 0 1u 10p 10p 1.25u 2.5u",
				"refdes": "V1",
			},
		},
		"Rt": {
			"pins": {
				"Rt-1": {
					"pinseq": "1",
					"pintype": "pas",
					"pinlabel": "1",
				},
				"Rt-2": {
					"pinseq": "2",
					"pintype": "pas",
					"pinlabel": "2",
				},
			},
			"pin-conns": {
				"Rt-1": "p",
				"Rt-2": "m",
			},
			"attribs":{
				"value": "1k",
				"refdes": "Rt",
			},
		},
		"Rb": {
			"pins": {
				"Rb-1": {
					"pinseq": "1",
					"pintype": "pas",
					"pinlabel": "1",
				},
				"Rb-2": {
					"pinseq": "2",
					"pintype": "pas",
					"pinlabel": "2",
				},
			},
			"pin-conns": {
				"Rb-1": "GND",
				"Rb-2": "LVH",
			},
			"attribs":{
				"device": "RESISTOR",
				"value": "5.6k",
				"refdes": "Rb",
			},
		},
		"M1": {
			"pins": {
				"M1-G": {
					"pinseq": "2",
					"pintype": "pas",
					"pinlabel": "G",
				},
				"M1-D": {
					"pinseq": "1",
					"pintype": "pas",
					"pinlabel": "D",
				},
				"M1-B": {
					"pinseq": "4",
					"pintype": "pas",
					"pinlabel": "B",
				},
				"M1-S": {
					"pinseq": "3",
					"pintype": "pas",
					"pinlabel": "S",
				},
			},
			"pin-conns": {
				"M1-G": "LVH",
				"M1-D": "LVH",
				"M1-B": "Vdd1",
				"M1-S": "Vdd1",
			},
			"attribs":{
				"m": "36",
				"l": "3u",
				"w": "3u",
				"model-name": "pch",
				"refdes": "M1",
			},
		},
		"X1": {
			"pins": {
				"X1-7": {
					"pinseq": "7",
					"pintype": "pwr",
					"pinlabel": "Vss",
				},
				"X1-6": {
					"pinseq": "6",
					"pintype": "pwr",
					"pinlabel": "Vdd1",
				},
				"X1-2": {
					"pinseq": "2",
					"pintype": "pwr",
					"pinlabel": "DGND",
				},
				"X1-3": {
					"pinseq": "3",
					"pintype": "in",
					"pinlabel": "VH",
				},
				"X1-1": {
					"pinseq": "1",
					"pintype": "in",
					"pinlabel": "D",
				},
				"X1-5": {
					"pinseq": "5",
					"pintype": "out",
					"pinlabel": "Y1",
				},
				"X1-4": {
					"pinseq": "4",
					"pintype": "out",
					"pinlabel": "Y0",
				},
			},
			"pin-conns": {
				"X1-7": "GND",
				"X1-6": "Vdd1",
				"X1-2": "GND",
				"X1-3": "LVH",
				"X1-1": "i",
				"X1-5": "p",
				"X1-4": "m",
			},
			"attribs":{
				"model-name": "unknown_LVD",
				"refdes": "X1",
			},
		},
	},
	"nets": {
		"Vdd1": [
			"Rlp-2",
			"Vdd-1",
			"M1-B",
			"M1-S",
			"X1-6",
		],
		"GND": [
			"Cm-2",
			"Cp-2",
			"Rlm-2",
			"Vdd-2",
			"V1-2",
			"Rb-1",
			"X1-7",
			"X1-2",
		],
		"LVH": [
			"Rb-2",
			"M1-G",
			"M1-D",
			"X1-3",
		],
		"i": [
			"V1-1",
			"X1-1",
		],
		"p": [
			"Cp-1",
			"Rlp-1",
			"Rt-1",
			"X1-5",
		],
		"m": [
			"Cm-1",
			"Rlm-1",
			"Rt-2",
			"X1-4",
		],
	},
}
