* gnetlist -l ./common/JD-spice-noqsi.scm -o ./common/JD-spice-noqsi.new -g spice-noqsi ./common/JD.sch
* SPICE file generated by spice-noqsi version 20130710
* Send requests or bug reports to jpd@noqsi.com
.INCLUDE ./JD-extras/models/openIP_5.cir
X1 i GND LVH m p Vdd1 GND  unknown_LVD 
M1 LVH LVH Vdd1 Vdd1 pch  l=3u w=3u         m=36
Rb GND LVH 5.6k      
Rt p m 1k      
V1 i GND pulse 3.3 0 1u 10p 10p 1.25u 2.5u
Vdd Vdd1 GND DC 3.3V
Rlm m GND 500k      
Rlp p Vdd1 1meg      
Cp p GND 20p      
Cm m GND 20p      
* A1
