(gnetlist:get-packages "placeholder")
<<<<<
"V1"
"R1"
"A1"
>>>>>

(gnetlist:get-non-unique-packages "placeholder")
<<<<<
"V1"
"R1"
"A1"
>>>>>

(gnetlist:get-all-nets "placeholder")
<<<<<
"GND"
"unnamed_net1"
"GND"
"unnamed_net1"
>>>>>

(gnetlist:get-all-unique-nets "placeholder")
<<<<<
"GND"
"unnamed_net1"
>>>>>

(gnetlist:get-toplevel-attribute "tnMERqW0")
"not found"

(gnetlist:get-pins "V1")
<<<<<
"2"
"1"
>>>>>

(gnetlist:get-pins-nets "V1")
<<<<<
("1" . "unnamed_net1")
("2" . "GND")
>>>>>

(gnetlist:vams-get-package-attributes "V1")
<<<<<
"value"
"refdes"
>>>>>

(gnetlist:get-all-package-attributes "V1" "device")
<<<<<
"VOLTAGE_SOURCE"
>>>>>

(gnetlist:get-nets "V1" "2")
<<<<<
"GND"
("R1" "1")
("V1" "2")
>>>>>

(gnetlist:get-attribute-by-pinnumber "V1" "2" "pinnumber")
"2"

(gnetlist:get-attribute-by-pinnumber "V1" "2" "pinseq")
"2"

(gnetlist:get-attribute-by-pinnumber "V1" "2" "pinlabel")
"-"

(gnetlist:get-attribute-by-pinnumber "V1" "2" "pintype")
"pwr"

(gnetlist:get-attribute-by-pinseq "V1" "2" "pinnumber")
"2"

(gnetlist:get-attribute-by-pinseq "V1" "2" "pinseq")
"2"

(gnetlist:get-attribute-by-pinseq "V1" "2" "pinlabel")
"-"

(gnetlist:get-attribute-by-pinseq "V1" "2" "pintype")
"pwr"

(gnetlist:get-nets "V1" "1")
<<<<<
"unnamed_net1"
("R1" "2")
("V1" "1")
>>>>>

(gnetlist:get-attribute-by-pinnumber "V1" "1" "pinnumber")
"1"

(gnetlist:get-attribute-by-pinnumber "V1" "1" "pinseq")
"1"

(gnetlist:get-attribute-by-pinnumber "V1" "1" "pinlabel")
"+"

(gnetlist:get-attribute-by-pinnumber "V1" "1" "pintype")
"pwr"

(gnetlist:get-attribute-by-pinseq "V1" "1" "pinnumber")
"1"

(gnetlist:get-attribute-by-pinseq "V1" "1" "pinseq")
"1"

(gnetlist:get-attribute-by-pinseq "V1" "1" "pinlabel")
"+"

(gnetlist:get-attribute-by-pinseq "V1" "1" "pintype")
"pwr"

(gnetlist:get-pins "R1")
<<<<<
"1"
"2"
>>>>>

(gnetlist:get-pins-nets "R1")
<<<<<
("2" . "unnamed_net1")
("1" . "GND")
>>>>>

(gnetlist:vams-get-package-attributes "R1")
<<<<<
"value"
"refdes"
>>>>>

(gnetlist:get-all-package-attributes "R1" "device")
<<<<<
"RESISTOR"
>>>>>

(gnetlist:get-nets "R1" "1")
<<<<<
"GND"
("R1" "1")
("V1" "2")
>>>>>

(gnetlist:get-attribute-by-pinnumber "R1" "1" "pinnumber")
"1"

(gnetlist:get-attribute-by-pinnumber "R1" "1" "pinseq")
"1"

(gnetlist:get-attribute-by-pinnumber "R1" "1" "pinlabel")
"1"

(gnetlist:get-attribute-by-pinnumber "R1" "1" "pintype")
"pas"

(gnetlist:get-attribute-by-pinseq "R1" "1" "pinnumber")
"1"

(gnetlist:get-attribute-by-pinseq "R1" "1" "pinseq")
"1"

(gnetlist:get-attribute-by-pinseq "R1" "1" "pinlabel")
"1"

(gnetlist:get-attribute-by-pinseq "R1" "1" "pintype")
"pas"

(gnetlist:get-nets "R1" "2")
<<<<<
"unnamed_net1"
("R1" "2")
("V1" "1")
>>>>>

(gnetlist:get-attribute-by-pinnumber "R1" "2" "pinnumber")
"2"

(gnetlist:get-attribute-by-pinnumber "R1" "2" "pinseq")
"2"

(gnetlist:get-attribute-by-pinnumber "R1" "2" "pinlabel")
"2"

(gnetlist:get-attribute-by-pinnumber "R1" "2" "pintype")
"pas"

(gnetlist:get-attribute-by-pinseq "R1" "2" "pinnumber")
"2"

(gnetlist:get-attribute-by-pinseq "R1" "2" "pinseq")
"2"

(gnetlist:get-attribute-by-pinseq "R1" "2" "pinlabel")
"2"

(gnetlist:get-attribute-by-pinseq "R1" "2" "pintype")
"pas"

(gnetlist:get-pins "A1")
<<<<<
>>>>>

(gnetlist:get-pins-nets "A1")
<<<<<
>>>>>

(gnetlist:vams-get-package-attributes "A1")
<<<<<
"value"
"refdes"
>>>>>

(gnetlist:get-all-package-attributes "A1" "device")
<<<<<
"options"
>>>>>

(gnetlist:get-pins "tnMERqW0")
<<<<<
>>>>>

(gnetlist:get-pins-nets "tnMERqW0")
<<<<<
>>>>>

(gnetlist:vams-get-package-attributes "tnMERqW0")
<<<<<
>>>>>

(gnetlist:get-all-connections "GND")
<<<<<
("V1" "2")
("R1" "1")
>>>>>

(gnetlist:graphical-objs-in-net-with-attrib-get-attrib "GND" "device=DRC_Directive" "value")
<<<<<
>>>>>

(gnetlist:get-all-connections "unnamed_net1")
<<<<<
("V1" "1")
("R1" "2")
>>>>>

(gnetlist:graphical-objs-in-net-with-attrib-get-attrib "unnamed_net1" "device=DRC_Directive" "value")
<<<<<
>>>>>

(gnetlist:get-all-connections "tnMERqW0")
<<<<<
>>>>>

(gnetlist:graphical-objs-in-net-with-attrib-get-attrib "tnMERqW0" "device=DRC_Directive" "value")
<<<<<
>>>>>

(gnetlist:get-backend-arguments)
<<<<<
"foo"
"bar"
>>>>>

(gnetlist:get-verbosity)
0

