Netlist(Freeze)
Netlist(Clear)
Netlist(Add,GND,V1-2)
Netlist(Add,GND,R1-1)
Netlist(Add,unnamed_net1,V1-1)
Netlist(Add,unnamed_net1,R1-2)
Netlist(Sort)
Netlist(Thaw)
ElementList(Start)
ElementList(Need,"V1","none","DC 1V")
ElementSetAttr("V1","device","VOLTAGE_SOURCE")
ElementSetAttr("V1","manufacturer","unknown")
ElementSetAttr("V1","manufacturer_part_number","unknown")
ElementSetAttr("V1","vendor","unknown")
ElementSetAttr("V1","vendor_part_number","unknown")
ChangePinName("V1", 2, "-")
ChangePinName("V1", 1, "+")
ElementList(Need,"R1","unknown","20")
ElementSetAttr("R1","device","RESISTOR")
ElementSetAttr("R1","manufacturer","unknown")
ElementSetAttr("R1","manufacturer_part_number","unknown")
ElementSetAttr("R1","vendor","unknown")
ElementSetAttr("R1","vendor_part_number","unknown")
ChangePinName("R1", 1, "1")
ChangePinName("R1", 2, "2")
ElementList(Need,"A1","unknown","abotol=1e-11")
ElementSetAttr("A1","device","options")
ElementSetAttr("A1","manufacturer","unknown")
ElementSetAttr("A1","manufacturer_part_number","unknown")
ElementSetAttr("A1","vendor","unknown")
ElementSetAttr("A1","vendor_part_number","unknown")
ElementList(Done)
