(Allegro netlister by M. Ettus)
$PACKAGES
! FUSE! FUSE; F1
DIP14! 7404! 7404; U300
DIP14! 7404! 7404; U200
DIP14! 7400! 7400; U100
$NETS
unnamed_net1; U300.2
netattrib; U200.2,
 U100.5
GND; U300.7,
 U200.7,
 U100.7
Vcc; U300.14,
 U200.14,
 U100.14
one; F1.1,
 U300.1,
 U200.1,
 U100.3
$END
