-- Structural VAMS generated by gnetlist
-- Secondary unit

ARCHITECTURE default_architecture OF default_entity IS
	unknown ten 	:  unknown;
	unknown eleven 	:  unknown;
	unknown GND 	:  unknown;
	unknown one 	:  unknown;
	unknown five 	:  unknown;
	unknown three 	:  unknown;
	unknown two 	:  unknown;
	unknown six 	:  unknown;
	unknown seven 	:  unknown;
	unknown nine 	:  unknown;
	unknown eight 	:  unknown;
BEGIN
-- Architecture statement part
 
  U2 : ENTITY LM317
	PORT MAP (	2 => eleven,
			3 => eight,
			1 => ten);
 
  C4 : ENTITY POLARIZED_CAPACITOR
	GENERIC MAP (
			value => 1uf)
	PORT MAP (	1 => eleven,
			2 => nine);
 
  C3 : ENTITY POLARIZED_CAPACITOR
	GENERIC MAP (
			value => 22uF)
	PORT MAP (	1 => ten,
			2 => nine);
 
  R1 : ENTITY VARIABLE_RESISTOR
	GENERIC MAP (
			value => 5k)
	PORT MAP (	3 => nine,
			2 => ten,
			1 => nine);
 
  C2 : ENTITY POLARIZED_CAPACITOR
	GENERIC MAP (
			value => 0.1uF)
	PORT MAP (	1 => eight,
			2 => nine);
 
  R2 : ENTITY RESISTOR
	GENERIC MAP (
			value => 220)
	PORT MAP (	2 => eleven,
			1 => ten);
 
  C1 : ENTITY POLARIZED_CAPACITOR
	GENERIC MAP (
			value => 2200uF)
	PORT MAP (	1 => eight,
			2 => nine);
 
  S1 : ENTITY SPST
	PORT MAP (	2 => two,
			1 => one);
 
  CONN1 : ENTITY MAINS_CONNECTOR
	PORT MAP (	1 => one,
			2 => five,
			3 => GND);
 
  T1 : ENTITY transformer
	PORT MAP (	2 => five,
			1 => three,
			4 => seven,
			3 => six);
 
  F1 : ENTITY FUSE
	PORT MAP (	1 => two,
			2 => three);
 
  U1 : ENTITY DIODE-BRIDGE
	PORT MAP (	1 => eight,
			2 => nine,
			3 => seven,
			4 => six);
END ARCHITECTURE default_architecture;
