/* Switcap netlist produced by gnetlist (part of gEDA)     */
/* See http://www.geda-project.org/ for more information.  */
/* Switcap backend written by Dan McMahill                 */


TIMING;
END;

CIRCUIT;
END;



/* End of SWITCAP netlist */
END;
