* gnetlist -l ./common/powersupply-spice-noqsi.scm -o ./common/powersupply-spice-noqsi.new -g spice-noqsi ./common/powersupply.sch
* SPICE file generated by spice-noqsi version 20130710
* Send requests or bug reports to jpd@noqsi.com
U1 eight nine seven six   
F1 two three   
T1 three five six seven   
CONN1 one five GND   
S1 one two   
C1 eight nine 2200uF  
R2 ten eleven 220      
C2 eight nine 0.1uF  
R1 nine ten nine 5k  
C3 ten nine 22uF  
C4 eleven nine 1uf  
U2 ten eleven eight   
