*OrCAD
*START
*COMP C2	"unknown"
*COMP R4	"unknown"
*COMP R3	"unknown"
*COMP R8	"unknown"
*COMP CE2	"unknown"
*COMP RE2	"unknown"
*COMP RC1	"unknown"
*COMP Q2	"unknown"
*COMP C1	"unknown"
*COMP A3	"unknown"
*COMP A2	"unknown"
*COMP A1	"unknown"
*COMP VCC	"none"
*COMP Vinput	"none"
*COMP CE1	"unknown"
*COMP Cout	"unknown"
*COMP RL	"unknown"
*COMP RC2	"unknown"
*COMP RE1	"unknown"
*COMP R2	"unknown"
*COMP R1	"unknown"
*COMP R5	"unknown"
*COMP Q1	"unknown"
*NET "unnamed_net2"
*NET "unnamed_net2" C2."1" R8."2"
*NET "Vbase2"
*NET "Vbase2" C2."2" R4."2" R3."1" Q2."2"
*NET "Vem2"
*NET "Vem2" CE2."2" RE2."2" Q2."1"
*NET "Vout"
*NET "Vout" Cout."2" RL."2"
*NET "VColl2"
*NET "VColl2" Q2."3" Cout."1" RC2."1"
*NET "GND"
*NET "GND" R4."1" CE2."1" RE2."1" VCC."2" Vinput."2" CE1."1" RL."1" RE1."1" R2."1"
*NET "Vcc"
*NET "Vcc" R3."2" RC1."2" VCC."1" RC2."2" R1."2"
*NET "Vin"
*NET "Vin" Vinput."1" R5."1"
*NET "unnamed_net1"
*NET "unnamed_net1" C1."1" R5."2"
*NET "Vbase1"
*NET "Vbase1" C1."2" R2."2" R1."1" Q1."2"
*NET "Vem1"
*NET "Vem1" CE1."2" RE1."2" Q1."1"
*NET "Vcoll1"
*NET "Vcoll1" R8."1" RC1."1" Q1."3"

*END
