* gnetlist -l ./common/TwoStageAmp-spice-noqsi.scm -o ./common/TwoStageAmp-spice-noqsi.new -g spice-noqsi ./common/TwoStageAmp.sch
* SPICE file generated by spice-noqsi version 20130710
* Send requests or bug reports to jpd@noqsi.com
.INCLUDE ./TwoStageAmp-extras/models/2N3904.mod
.INCLUDE TwoStageAmp-extras/Simulation.cmd
Q1 Vcoll1 Vbase1 Vem1 2N3904   
R5 Vin 1 10      
R1 Vbase1 Vcc 28K      
R2 GND Vbase1 2K      
RE1 GND Vem1 100      
RC2 VColl2 Vcc 1K      
RL GND Vout 100K      
Cout VColl2 Vout 2.2uF      
CE1 GND Vem1 1pF      
Vinput Vin GND DC 1.6V AC 10MV SIN(0 1MV 1KHZ)
VCC Vcc GND DC 15V
* A1
*
.options TEMP=25
C1 1 Vbase1 2.2uF      
Q2 VColl2 Vbase2 Vem2 2N3904   
RC1 Vcoll1 Vcc 3.3K      
RE2 GND Vem2 100      
CE2 GND Vem2 1pF      
R8 Vcoll1 2 1      
R3 Vbase2 Vcc 28K      
R4 GND Vbase2 2.8K      
C2 2 Vbase2 2.2uF      
