Q2 Does not have attribute: value
A2 Does not have attribute: value
A1 Does not have attribute: value
Q1 Does not have attribute: value
