START header

gEDA's netlist format
Created specifically for testing of gnetlist

END header

START components

B device=unknown
A device=unknown

END components

START nets

testnet : B 1, A 1 

END nets

